---
source: crates/anvil-cli/tests/layout_snapshots.rs
expression: rendered
---
─── FOCUS  [INSERT]────────────────────────────────────────────────────────
ok



────────────────────────────────────────────────────────────────────────────────
  [ Insert Mode ]  Esc to cancel · Enter to submit
❯ next prompt█
─── LOG─────────────────────────────────────────────────────────────────────────
  you  do the thing
  ast  ok
  sys  [bash] done




─── CONTEXT─────────────────────────────────────────────────────────────────────
  Model: claude-sonnet-4-6   in:42 out:17
  Git:   main  +12,-5
