---
source: crates/anvil-cli/src/tui/layouts/vertical_split.rs
expression: rendered
---
 SESSIONS           DECK: Conversation
 ● main
                    ▌ do the thing
 AGENTS (GLOBAL)
 │ none active      ▎ ok

 STATUS (ALL TABS)
 running         0 t
 pending         0 p
 cost            $0.











                    ────────────────────────────────────────────────────────────
                    > next prompt
                    g switch deck │ d tools │ ? help
