---
source: crates/anvil-cli/src/tui/layouts/vertical_split.rs
assertion_line: 1204
expression: rendered
---
 SESSIONS                       DECK: Conversation
 ● main
                                ▌ do the thing
 AGENTS (GLOBAL)
 │ none active                  ▎ ok

 STATUS (ALL TABS)
 running         0 tabs
 pending         0 perms
 cost            $0.00



























                                ────────────────────────────────────────────────────────────────────────────────────────
                                > next prompt
