---
source: crates/anvil-cli/src/tui/layouts/vertical_split.rs
expression: rendered
---
 SESSIONS                [1: main] [2: aegis-fix⚠] [3: deploy-prep]
 ● main                 DECK: Conversation
 ○ aegis-fix
 ○ deploy-prep          ▌ wire the new dispatch

 AGENTS (GLOBAL)        ▎ routing through canonical dispatcher
 ⟳ aud on aegis

 STATUS (ALL TABS)
 running        1 tab
 pending        1 perm
 cost           $0.42

























                        ────────────────────────────────────────────────────────────────────────────────────────────────
                        >
                        g switch deck │ d tools │ ? help
